#
# There is insufficient memory for the Java Runtime Environment to continue.
# Native memory allocation (mmap) failed to map 532676608 bytes. Error detail: G1 virtual space
# Possible reasons:
#   The system is out of physical RAM or swap space
#   This process is running with CompressedOops enabled, and the Java Heap may be blocking the growth of the native heap
# Possible solutions:
#   Reduce memory load on the system
#   Increase physical memory or swap space
#   Check if swap backing store is full
#   Decrease Java heap size (-Xmx/-Xms)
#   Decrease number of Java threads
#   Decrease Java thread stack sizes (-Xss)
#   Set larger code cache with -XX:ReservedCodeCacheSize=
#   JVM is running with Zero Based Compressed Oops mode in which the Java heap is
#     placed in the first 32GB address space. The Java Heap base address is the
#     maximum limit for the native heap growth. Please use -XX:HeapBaseMinAddress
#     to set the Java Heap base and to place the Java Heap above 32GB virtual address.
# This output file may be truncated or incomplete.
#
#  Out of Memory Error (os_windows.cpp:3766), pid=33096, tid=9600
#
# JRE version:  (25.0.3+9) (build )
# Java VM: OpenJDK 64-Bit Server VM (25.0.3+9-b508.16, mixed mode, sharing, tiered, compressed oops, compressed class ptrs, g1 gc, windows-amd64)
# No core dump will be written. Minidumps are not enabled by default on client versions of Windows
#

---------------  S U M M A R Y ------------

Command Line: git4idea.http.GitAskPassApp Password for 'https://matthewJ1299@github.com': 

Host: 13th Gen Intel(R) Core(TM) i5-13600H, 16 cores, 31G,  Windows 11 , 64 bit Build 26100 (10.0.26100.9168)
Time: Thu Sep  3 14:41:51 2026 South Africa Standard Time elapsed time: 0.010779 seconds (0d 0h 0m 0s)

---------------  T H R E A D  ---------------

Current thread (0x0000015d575c69d0):  JavaThread "Unknown thread" [_thread_in_vm, id=9600, stack(0x0000001c90200000,0x0000001c90300000) (1024K)]

Stack: [0x0000001c90200000,0x0000001c90300000]
Native frames: (J=compiled Java code, j=interpreted, Vv=VM code, C=native code)
V  [jvm.dll+0x7c2949]  (no source info available)
V  [jvm.dll+0x78c01d]  (no source info available)
V  [jvm.dll+0xa105b3]  (no source info available)
V  [jvm.dll+0xa12dac]  (no source info available)
V  [jvm.dll+0xa134a3]  (no source info available)
V  [jvm.dll+0x308106]  (no source info available)
V  [jvm.dll+0x7beb55]  (no source info available)
V  [jvm.dll+0x7b1ae7]  (no source info available)
V  [jvm.dll+0x40224e]  (no source info available)
V  [jvm.dll+0x40a06b]  (no source info available)
V  [jvm.dll+0x3f68a9]  (no source info available)
V  [jvm.dll+0x3f6b5b]  (no source info available)
V  [jvm.dll+0x3ccb73]  (no source info available)
V  [jvm.dll+0x3cd7de]  (no source info available)
V  [jvm.dll+0x9d6907]  (no source info available)
V  [jvm.dll+0x467992]  (no source info available)
V  [jvm.dll+0x9ba039]  (no source info available)
V  [jvm.dll+0x509dd1]  (no source info available)
V  [jvm.dll+0x50b741]  (no source info available)
C  [jli.dll+0x5422]  (no source info available)
C  [ucrtbase.dll+0x2cd30]  (no source info available)
C  [KERNEL32.DLL+0x2ccb7]  (no source info available)
C  [ntdll.dll+0xaad6c]  (no source info available)

Lock stack of current Java thread (top to bottom):


---------------  P R O C E S S  ---------------

Threads class SMR info:
_java_thread_list=0x00007fffd4d1c108, length=0, elements={
}

Java Threads: ( => current thread )
Total: 0

Other Threads:
  0x0000015d59bfd570 WorkerThread "GC Thread#0"                     [id=12540, stack(0x0000001c90300000,0x0000001c90400000) (1024K)]
  0x0000015d76dd7d20 ConcurrentGCThread "G1 Main Marker"            [id=23292, stack(0x0000001c90400000,0x0000001c90500000) (1024K)]
  0x0000015d76dd9490 WorkerThread "G1 Conc#0"                       [id=25932, stack(0x0000001c90500000,0x0000001c90600000) (1024K)]

[error occurred during error reporting (printing all threads), id 0xc0000005, EXCEPTION_ACCESS_VIOLATION (0xc0000005) at pc=0x00007fffd433194a]
VM state: not at safepoint (not fully initialized)

VM Mutex/Monitor currently owned by a thread:  ([mutex/lock_event])
[0x00007fffd4da4fb0] Heap_lock - owner thread: 0x0000015d575c69d0

Heap address: 0x0000000604c00000, size: 8116 MB, Compressed Oops mode: Zero based, Oop shift amount: 3

CDS archive(s) mapped at: [0x0000000000000000-0x0000000000000000-0x0000000000000000), size 0, SharedBaseAddress: 0x0000000800000000, ArchiveRelocationMode: 1.
UseCompressedClassPointers 1, UseCompactObjectHeaders 0
Narrow klass pointer bits 32, Max shift 3
Narrow klass base: 0xffffffffffffffff, Narrow klass shift: -1
Encoding Range: [0xffffffffffffffff - 0x000000007fffffff), (2147483648 bytes)
Klass Range:    [0x0000000000000000 - 0x0000000000000000), (0 bytes)
Klass ID Range:  [4294967295 - 0) (1)
No protection zone.

GC Precious Log:
 CardTable entry size: 512
 Card Set container configuration: InlinePtr #cards 4 size 8 Array Of Cards #cards 32 size 80 Howl #buckets 8 coarsen threshold 7372 Howl Bitmap #cards 1024 size 144 coarsen threshold 921 Card regions per heap region 1 cards per card region 8192

Heap:
 garbage-first heap   total reserved 8310784K, committed 0K, used 0K [0x0000000604c00000, 0x0000000800000000)
  region size 4096K, 0 young (0K), 0 survivors (0K)

Heap Regions: E=young(eden), S=young(survivor), O=old, HS=humongous(starts), HC=humongous(continues), CS=collection set, F=free, TAMS=top-at-mark-start, PB=parsable bottom

Card table byte_map: [0x0000015d6df10000,0x0000015d6eef0000] _byte_map_base: 0x0000015d6aeea000

Marking Bits: (CMBitMap*) 0x0000015d59bfe510
 Bits: [0x0000015d6eef0000, 0x0000015d76dc0000)

GC Heap Usage History (0 events):
No events

Metaspace Usage History (0 events):
No events

Dll operation events (1 events):
Event: 0.006 Loaded shared library C:\Program Files\JetBrains\IntelliJ IDEA 2025.2.3\jbr\bin\java.dll

Deoptimization events (0 events):
No events

Classes loaded (0 events):
No events

Classes unloaded (0 events):
No events

Classes redefined (0 events):
No events

Internal exceptions (0 events):
No events

VM Operations (0 events):
No events

Memory protections (0 events):
No events

Nmethod flushes (0 events):
No events

Events (0 events):
No events


Dynamic libraries:
0x00007ff684e70000 - 0x00007ff684e7a000 	C:\Program Files\JetBrains\IntelliJ IDEA 2025.2.3\jbr\bin\java.exe
0x00007ff837320000 - 0x00007ff837586000 	C:\WINDOWS\SYSTEM32\ntdll.dll
0x00007ff835d10000 - 0x00007ff835dd9000 	C:\WINDOWS\System32\KERNEL32.DLL
0x00007ff834910000 - 0x00007ff834d0f000 	C:\WINDOWS\System32\KERNELBASE.dll
0x00007ff834360000 - 0x00007ff8343ff000 	C:\Program Files\Broadcom\Endpoint Security Agent\Definitions\SepAdcDefs\20250925.003\sysfer64.dll
0x00007ff835ba0000 - 0x00007ff835c5c000 	C:\WINDOWS\System32\ADVAPI32.dll
0x00007ff837230000 - 0x00007ff8372d9000 	C:\WINDOWS\System32\msvcrt.dll
0x00007ff835660000 - 0x00007ff83570a000 	C:\WINDOWS\System32\sechost.dll
0x00007ff835340000 - 0x00007ff835458000 	C:\WINDOWS\System32\RPCRT4.dll
0x00007ff8345f0000 - 0x00007ff83473c000 	C:\WINDOWS\System32\ucrtbase.dll
0x00007ff81da30000 - 0x00007ff81da4e000 	C:\Program Files\JetBrains\IntelliJ IDEA 2025.2.3\jbr\bin\VCRUNTIME140.dll
0x00007ff81cb60000 - 0x00007ff81cb77000 	C:\Program Files\JetBrains\IntelliJ IDEA 2025.2.3\jbr\bin\jli.dll
0x00007ff835090000 - 0x00007ff835256000 	C:\WINDOWS\System32\USER32.dll
0x00007ff834750000 - 0x00007ff834777000 	C:\WINDOWS\System32\win32u.dll
0x00007ff8189e0000 - 0x00007ff818c71000 	C:\WINDOWS\WinSxS\amd64_microsoft.windows.common-controls_6595b64144ccf1df_6.0.26100.8972_none_3e0da176e32f9d4b\COMCTL32.dll
0x00007ff8355b0000 - 0x00007ff8355db000 	C:\WINDOWS\System32\GDI32.dll
0x00007ff834db0000 - 0x00007ff834ed9000 	C:\WINDOWS\System32\gdi32full.dll
0x00007ff834ee0000 - 0x00007ff834f83000 	C:\WINDOWS\System32\msvcp_win.dll
0x00007ff835050000 - 0x00007ff835082000 	C:\WINDOWS\System32\IMM32.DLL
0x00007ff82ec10000 - 0x00007ff82ec1c000 	C:\Program Files\JetBrains\IntelliJ IDEA 2025.2.3\jbr\bin\vcruntime140_1.dll
0x00007ffff9330000 - 0x00007ffff93b9000 	C:\Program Files\JetBrains\IntelliJ IDEA 2025.2.3\jbr\bin\msvcp140.dll
0x00007fffd3f50000 - 0x00007fffd4ea5000 	C:\Program Files\JetBrains\IntelliJ IDEA 2025.2.3\jbr\bin\server\jvm.dll
0x00007ff836e70000 - 0x00007ff836ef2000 	C:\WINDOWS\System32\WS2_32.dll
0x00007ff834240000 - 0x00007ff83429e000 	C:\WINDOWS\SYSTEM32\POWRPROF.dll
0x00007ff82a0f0000 - 0x00007ff82a126000 	C:\WINDOWS\SYSTEM32\WINMM.dll
0x00007ff8204d0000 - 0x00007ff8204db000 	C:\WINDOWS\SYSTEM32\VERSION.dll
0x00007ff834220000 - 0x00007ff834235000 	C:\WINDOWS\SYSTEM32\UMPDC.dll
0x00007ff833140000 - 0x00007ff83315b000 	C:\WINDOWS\SYSTEM32\kernel.appcore.dll
0x00007ff82d410000 - 0x00007ff82d41a000 	C:\Program Files\JetBrains\IntelliJ IDEA 2025.2.3\jbr\bin\jimage.dll
0x00007ff831760000 - 0x00007ff8319a2000 	C:\WINDOWS\SYSTEM32\DBGHELP.DLL
0x00007ff835df0000 - 0x00007ff836175000 	C:\WINDOWS\System32\combase.dll
0x00007ff835260000 - 0x00007ff835339000 	C:\WINDOWS\System32\OLEAUT32.dll
0x00007ff81f140000 - 0x00007ff81f17b000 	C:\WINDOWS\SYSTEM32\dbgcore.DLL
0x00007ff834f90000 - 0x00007ff83503c000 	C:\WINDOWS\System32\bcryptPrimitives.dll
0x00007ff81d820000 - 0x00007ff81d83f000 	C:\Program Files\JetBrains\IntelliJ IDEA 2025.2.3\jbr\bin\java.dll
0x00007ff836f00000 - 0x00007ff837099000 	C:\WINDOWS\System32\ole32.dll
0x00007ff836420000 - 0x00007ff836ba8000 	C:\WINDOWS\System32\SHELL32.dll

JVMTI agents: none

dbghelp: loaded successfully - version: 4.0.5 - missing functions: none
symbol engine: initialized successfully - sym options: 0x614 - pdb path: .;C:\Program Files\JetBrains\IntelliJ IDEA 2025.2.3\jbr\bin;C:\WINDOWS\SYSTEM32;C:\Program Files\Broadcom\Endpoint Security Agent\Definitions\SepAdcDefs\20250925.003;C:\WINDOWS\WinSxS\amd64_microsoft.windows.common-controls_6595b64144ccf1df_6.0.26100.8972_none_3e0da176e32f9d4b;C:\Program Files\JetBrains\IntelliJ IDEA 2025.2.3\jbr\bin\server

VM Arguments:
java_command: git4idea.http.GitAskPassApp Password for 'https://matthewJ1299@github.com': 
java_class_path (initial): C:/Program Files/JetBrains/IntelliJ IDEA 2025.2.3/plugins/vcs-git/lib/git4idea-rt.jar;C:/Program Files/JetBrains/IntelliJ IDEA 2025.2.3/lib/externalProcess-rt.jar
Launcher Type: SUN_STANDARD

[Global flags]
     intx CICompilerCount                          = 12                                        {product} {ergonomic}
     uint ConcGCThreads                            = 3                                         {product} {ergonomic}
     uint G1ConcRefinementThreads                  = 13                                        {product} {ergonomic}
   size_t G1HeapRegionSize                         = 4194304                                   {product} {ergonomic}
   size_t InitialHeapSize                          = 532676608                                 {product} {ergonomic}
   size_t MarkStackSize                            = 4194304                                   {product} {ergonomic}
   size_t MarkStackSizeMax                         = 536870912                                 {product} {ergonomic}
   size_t MaxHeapSize                              = 8510242816                                {product} {ergonomic}
   size_t MinHeapDeltaBytes                        = 4194304                                   {product} {ergonomic}
   size_t MinHeapSize                              = 8388608                                   {product} {ergonomic}
    uintx NonNMethodCodeHeapSize                   = 7667712                                {pd product} {ergonomic}
    uintx NonProfiledCodeHeapSize                  = 122028032                              {pd product} {ergonomic}
    uintx ProfiledCodeHeapSize                     = 122028032                              {pd product} {ergonomic}
    uintx ReservedCodeCacheSize                    = 251723776                              {pd product} {ergonomic}
     bool SegmentedCodeCache                       = true                                      {product} {ergonomic}
   size_t SoftMaxHeapSize                          = 8510242816                             {manageable} {ergonomic}
     bool UseCompressedOops                        = true                           {product lp64_product} {ergonomic}
     bool UseG1GC                                  = true                                      {product} {ergonomic}
     bool UseLargePagesIndividualAllocation        = false                                  {pd product} {ergonomic}

Logging:
Log output configuration:
 #0: stdout all=warning uptime,level,tags foldmultilines=false
 #1: stderr all=off uptime,level,tags foldmultilines=false

Release file:
<release file has not been read>
Environment Variables:
JAVA_HOME=C:\Program Files\Amazon Corretto\jdk21.0.9_10
CLASSPATH=.;
PATH=C:\Program Files\Git\mingw64\libexec\git-core;C:\Program Files\Git\mingw64\libexec\git-core;C:\Program Files\Git\mingw64\bin;C:\Program Files\Git\usr\bin;C:\Users\matthew.jordaan\bin;C:\Program Files\Amazon Corretto\jdk21.0.9_10\bin;C:\Program Files\Common Files\Oracle\Java\javapath;C:\WINDOWS\system32;C:\WINDOWS;C:\WINDOWS\System32\Wbem;C:\WINDOWS\System32\WindowsPowerShell\v1.0;C:\WINDOWS\System32\OpenSSH;C:\Program Files\dotnet;C:\ProgramData\chocolatey\bin;C:\Program Files\Java\jdk1.8.0_211\bin;C:\Program Files\cursor\resources\app\bin;C:\Program Files\Microsoft SQL Server\170\Tools\Binn;C:\Program Files\Microsoft SQL Server\Client SDK\ODBC\170\Tools\Binn;C:\Program Files\nodejs;C:\Program Files\Git\cmd;C:\Program Files\Amazon\AWSSAMCLI\bin;C:\Program Files\Amazon\AWSCLIV2;C:\apache-maven-3.9.11\bin;C:\Program Files\Docker\Docker\resources\bin;C:\Users\matthew.jordaan\.cargo\bin;C:\Users\matthew.jordaan\AppData\Local\Microsoft\WindowsApps;C:\Users\matthew.jordaan\AppData\Local\Programs\Microsoft VS Code\bin;C:\Program Files\JetBrains\IntelliJ IDEA 2025.2.3\bin;C:\Users\matthew.jordaan\.dotnet\tools;C:\Users\matthew.jordaan\AppData\Roaming\npm;C:\Program Files\Amazon\AWSSAMCLI;C:\Users\matthew.jordaan\AppData\Local\gitkraken\bin;C:\Users\matthew.jordaan\AppData\Local\Python\bin;C:\ProgramData\matthew.jordaan\GitHubDesktop\bin;C:\Users\matthew.jordaan\AppData\Local\GitHubDesktop\bin;C:\Users\matthew.jordaan\AppData\Local\Microsoft\WinGet\Packages\MartinStorsjo.LLVM-MinGW.UCRT_Microsoft.Winget.Source_8wekyb3d8bbwe\llvm-mingw-20260616-ucrt-x86_64\bin;D:\C;C:\Program Files\Git\Users\matthew.jordaan\.jetbrains\terraform
USERNAME=matthew.jordaan
DISPLAY=:0.0
LC_ALL=en_US.UTF-8
TERM=xterm-256color
TMPDIR=C:\Users\MATTHE~1.JOR\AppData\Local\Temp
OS=Windows_NT
PROCESSOR_IDENTIFIER=Intel64 Family 6 Model 186 Stepping 2, GenuineIntel
TMP=C:\Users\MATTHE~1.JOR\AppData\Local\Temp
TEMP=C:\Users\MATTHE~1.JOR\AppData\Local\Temp




Compilation memory statistics disabled.

Periodic native trim disabled

JNI global refs:
JNI global refs: 0, weak refs: 0

JNI global refs memory usage: 0, weak refs: 0

Process memory usage:
Resident Set Size: 15480K (0% of 33231568K total physical memory with 1883560K free physical memory)

OOME stack traces (most recent first):
Classloader memory used:

---------------  S Y S T E M  ---------------

OS:
 Windows 11 , 64 bit Build 26100 (10.0.26100.9168)
OS uptime: 1 days 23:52 hours
Hyper-V role detected

CPU: total 16 (initial active 16) (8 cores per cpu, 2 threads per core) family 6 model 186 stepping 2 microcode 0x6134, cx8, cmov, fxsr, ht, mmx, 3dnowpref, sse, sse2, sse3, ssse3, sse4.1, sse4.2, popcnt, lzcnt, tsc, tscinvbit, avx, avx2, aes, erms, clmul, bmi1, bmi2, adx, sha, fma, vzeroupper, clflush, clflushopt, clwb, hv, serialize, rdtscp, rdpid, fsrm, gfni, f16c, cet_ibt, cet_ss
Processor Information for processor 0
  Max Mhz: 2800, Current Mhz: 2800, Mhz Limit: 2800
Processor Information for processor 1
  Max Mhz: 2800, Current Mhz: 2800, Mhz Limit: 2800
Processor Information for processor 2
  Max Mhz: 2800, Current Mhz: 2800, Mhz Limit: 2800
Processor Information for processor 3
  Max Mhz: 2800, Current Mhz: 2800, Mhz Limit: 2800
Processor Information for processor 4
  Max Mhz: 2800, Current Mhz: 2800, Mhz Limit: 2800
Processor Information for processor 5
  Max Mhz: 2800, Current Mhz: 2800, Mhz Limit: 2800
Processor Information for processor 6
  Max Mhz: 2800, Current Mhz: 2800, Mhz Limit: 2800
Processor Information for processor 7
  Max Mhz: 2800, Current Mhz: 2800, Mhz Limit: 2800
Processor Information for processor 8
  Max Mhz: 2800, Current Mhz: 2800, Mhz Limit: 2800
Processor Information for processor 9
  Max Mhz: 2800, Current Mhz: 2800, Mhz Limit: 2800
Processor Information for processor 10
  Max Mhz: 2800, Current Mhz: 2800, Mhz Limit: 2800
Processor Information for processor 11
  Max Mhz: 2800, Current Mhz: 2800, Mhz Limit: 2800
Processor Information for processor 12
  Max Mhz: 2800, Current Mhz: 2800, Mhz Limit: 2800
Processor Information for processor 13
  Max Mhz: 2800, Current Mhz: 1466, Mhz Limit: 2800
Processor Information for processor 14
  Max Mhz: 2800, Current Mhz: 1466, Mhz Limit: 2800
Processor Information for processor 15
  Max Mhz: 2800, Current Mhz: 2800, Mhz Limit: 2800

Memory: 4k page, system-wide physical 32452M (1839M free)
TotalPageFile size 51122M (AvailPageFile size 483M)
current process WorkingSet (physical memory assigned to process): 15M, peak: 15M
current process commit charge ("private bytes"): 71M, peak: 579M

vm_info: OpenJDK 64-Bit Server VM (25.0.3+9-b508.16) for windows-amd64 JRE (25.0.3+9-b508.16), built on 2026-06-22 with MS VC++ 17.14 (VS2022)

END.
